[www.limesecos.com/index.html]
[jmade.co/index.html]
[backblue.gif]
[fade.gif]
[index.html]
[secure.gravatar.com/index.html]
[fonts.googleapis.com/index.html]
[ottiya.com/wp-includes/js/jcrop/jquery.Jcrop.mina650.css]
[ottiya.com/wp-content/plugins/buddypress/bp-core/css/avatar.minab7d.css]
[ottiya.com/wp-content/plugins/buddypress/bp-templates/bp-legacy/css/buddypress.minab7d.css]
[ottiya.com/wp-content/plugins/contact-form-7/includes/css/styles20fd.css]
[ottiya.com/wp-content/plugins/buddypress-user-blog/bower_components/medium-editor/dist/css/medium-editor.min71c0.css]
[ottiya.com/wp-content/plugins/buddypress-user-blog/bower_components/medium-editor/dist/css/themes/default.min71c0.css]
[ottiya.com/wp-content/plugins/buddypress-user-blog/bower_components/medium-editor-insert-plugin/dist/css/medium-editor-insert-plugin.min8a54.css]
[ottiya.com/wp-content/plugins/buddypress-user-blog/bower_components/medium-editor-tables/css/medium-editor-tables.min8a54.css]
[ottiya.com/wp-content/plugins/buddypress-user-blog/assets/css/bp-user-blog.mine7f0.css]
[ottiya.com/wp-content/plugins/woocommerce-gateway-paypal-express-checkout/assets/css/wc-gateway-ppec-frontend-cart5859.css]
[ottiya.com/wp-content/themes/weta/style5859.css]
[ottiya.com/wp-content/themes/weta-child/custom205859.css]
[fonts.googleapis.com/css83cb.css]
[ottiya.com/wp-content/themes/weta-child/style4834.css]
[ottiya.com/wp-content/themes/weta/js/flex-slider/flexslider5859.css]
[ottiya.com/wp-content/plugins/jetpack/_inc/genericons/genericons/genericons128b.css]
[ottiya.com/wp-content/plugins/buddypress-global-search/assets/css/jquery-ui.min4a80.css]
[ottiya.com/wp-content/plugins/buddypress-global-search/assets/css/buddypress-global-search.minda20.css]
[ottiya.com/wp-content/plugins/jetpack/css/jetpackd96d.css]
[ottiya.com/wp-content/plugins/profile-builder/assets/css/style-front-endeed8.css]
[ottiya.com/wp-includes/js/jquery/jqueryb8ff.js]
[ottiya.com/wp-includes/js/jquery/jquery-migrate.min330a.js]
[ottiya.com/wp-content/plugins/buddypress/bp-core/js/confirm.minab7d.js]
[ottiya.com/wp-includes/js/plupload/moxie.mine34c.js]
[ottiya.com/wp-includes/js/plupload/plupload.min6c17.js]
[ottiya.com/wp-includes/js/jcrop/jquery.Jcrop.mina650.js]
[ottiya.com/wp-content/plugins/buddypress/bp-core/js/widget-members.minab7d.js]
[ottiya.com/wp-content/plugins/buddypress/bp-core/js/jquery-query.minab7d.js]
[ottiya.com/wp-content/plugins/buddypress/bp-core/js/vendor/jquery-cookie.minab7d.js]
[ottiya.com/wp-content/plugins/buddypress/bp-core/js/vendor/jquery-scroll-to.minab7d.js]
[ottiya.com/wp-content/plugins/buddypress/bp-templates/bp-legacy/js/buddypress.minab7d.js]
[ottiya.com/wp-content/themes/weta-child/js/customdc98.js]
[ottiya.com/wp-content/themes/weta/js/jquery.fitvids4963.js]
[ottiya.com/wp-content/themes/weta/js/flex-slider/jquery.flexslider-min5859.js]
[i1.wp.com/ottiya.com/wp-content/uploads/2016/09/cropped-ottiya05e43b.png]
[i1.wp.com/ottiya.com/wp-content/uploads/2016/09/cropped-ottiya0598d8.png]
[i1.wp.com/ottiya.com/wp-content/uploads/2016/09/cropped-ottiya05f9b5.png]
[ottiya.com/index4b5b.html]
[ottiya.com/wp-content/uploads/2017/04/Untitled-design-12.png]
[i2.wp.com/ottiya.com/wp-content/uploads/2017/08/Mathilde001-e1503294439404882f.jpg]
[i0.wp.com/ottiya.com/wp-content/uploads/2017/08/Rae001-e1502604761897882f.jpg]
[i0.wp.com/ottiya.com/wp-content/uploads/2017/08/Hanna007882f.jpg]
[i1.wp.com/ottiya.com/wp-content/uploads/2017/07/1882f.jpg]
[i1.wp.com/ottiya.com/wp-content/uploads/2016/12/IMG_1899-e1496917980805b1b8.jpg]
[i2.wp.com/ottiya.com/wp-content/uploads/2017/06/Profile_Contributorsc27b.png]
[i0.wp.com/ottiya.com/wp-content/uploads/2017/03/Profile_Stephen-e1497504336856c27b.jpg]
[i1.wp.com/ottiya.com/wp-content/uploads/2017/07/mijeong_profile3e0b.png]
[i2.wp.com/ottiya.com/wp-content/uploads/2017/02/Jero-Bego_Final-e1496917840286c27b.png]
[i2.wp.com/ottiya.com/wp-content/uploads/2017/01/Profile_Laura_Tsang-1-e1496918116587c27b.jpg]
[res.cloudinary.com/ottiya/image/upload/c_scale,w_190/v1495433494/WTW_Logo_mjeroq.png]
[res.cloudinary.com/ottiya/image/upload/c_scale,w_190/v1495433491/SFS_Logo_dvqhhw.png]
[res.cloudinary.com/ottiya/image/upload/c_scale,w_190/v1495433491/HelloGeeks_Logo_zekzqg.png]
[res.cloudinary.com/ottiya/image/upload/c_scale,w_200/v1495437918/FA_Logo_Sponsor_t8fnqp.jpg]
[res.cloudinary.com/ottiya/image/upload/c_scale,h_170/v1495435931/WPGA_logo_nxvrk5.png]
[i0.wp.com/res.cloudinary.com/ottiya/image/upload/c_scale,h_70/v1492496996/ottiya02_w3bscg996c.png]
[res.cloudinary.com/ottiya/image/upload/v1492496736/New_gnyho4.png]
[ottiya.com/wp-content/plugins/slide-anything/owl-carousel/owl.carousel7d13.css]
[ottiya.com/wp-content/plugins/slide-anything/owl-carousel/sa-owl-themed5f7.css]
[ottiya.com/wp-content/plugins/slide-anything/owl-carousel/animate.mind5f7.css]
[ottiya.com/wp-content/plugins/jetpack/modules/photon/photonb3d9.js]
[ottiya.com/wp-includes/js/underscore.min4511.js]
[ottiya.com/wp-includes/js/backbone.min9632.js]
[ottiya.com/wp-includes/js/wp-util.min5859.js]
[ottiya.com/wp-includes/js/wp-backbone.min5859.js]
[ottiya.com/wp-content/plugins/buddypress/bp-core/js/bp-plupload.minab7d.js]
[ottiya.com/wp-content/plugins/buddypress/bp-core/js/avatar.minab7d.js]
[ottiya.com/wp-includes/js/comment-reply.min5859.js]
[ottiya.com/wp-content/plugins/contact-form-7/includes/js/scripts20fd.js]
[s0.wp.com/wp-content/js/devicepx-jetpack022a.js]
[ottiya.com/wp-content/plugins/woocommerce/assets/js/frontend/add-to-cart.minc169.js]
[ottiya.com/wp-content/plugins/woocommerce/assets/js/jquery-blockui/jquery.blockUI.min44fd.js]
[ottiya.com/wp-content/plugins/woocommerce/assets/js/js-cookie/js.cookie.min6b25.js]
[ottiya.com/wp-content/plugins/woocommerce/assets/js/frontend/woocommerce.minc169.js]
[ottiya.com/wp-content/plugins/woocommerce/assets/js/frontend/cart-fragments.minc169.js]
[ottiya.com/wp-content/plugins/buddypress-user-blog/assets/js/recommend-it6a79.js]
[ottiya.com/wp-includes/js/jquery/ui/core.mine899.js]
[ottiya.com/wp-includes/js/jquery/ui/widget.mine899.js]
[ottiya.com/wp-includes/js/jquery/ui/mouse.mine899.js]
[ottiya.com/wp-includes/js/jquery/ui/sortable.mine899.js]
[ottiya.com/wp-content/plugins/buddypress-user-blog/bower_components/blueimp-file-upload/js/jquery.iframe-transport0d53.js]
[ottiya.com/wp-content/plugins/buddypress-user-blog/bower_components/blueimp-file-upload/js/jquery.fileupload0d53.js]
[ottiya.com/wp-content/plugins/buddypress-user-blog/bower_components/handlebars/handlebars.runtime.min5bf3.js]
[ottiya.com/wp-content/plugins/buddypress-user-blog/bower_components/medium-editor/dist/js/medium-editor.min71c0.js]
[ottiya.com/wp-content/plugins/buddypress-user-blog/bower_components/medium-editor-autolist/autolist.min8a54.js]
[ottiya.com/wp-content/plugins/buddypress-user-blog/bower_components/medium-editor-tables/js/medium-editor-tables.min8a54.js]
[ottiya.com/wp-content/plugins/buddypress-user-blog/bower_components/medium-editor-insert-plugin/dist/js/medium-editor-insert-plugin.min8066.js]
[ottiya.com/wp-content/plugins/buddypress-user-blog/assets/js/bp-user-blog.mine7f0.js]
[secure.gravatar.com/js/gprofiles6abb.js]
[ottiya.com/wp-content/plugins/jetpack/modules/wpgroho5859.js]
[ottiya.com/wp-includes/js/wp-a11y.min5859.js]
[ottiya.com/wp-includes/js/jquery/ui/autocomplete.mine899.js]
[ottiya.com/wp-content/plugins/buddypress-global-search/assets/js/buddypress-global-search.minda20.js]
[ottiya.com/wp-includes/js/wp-embed.min5859.js]
[ottiya.com/wp-content/plugins/jetpack/_inc/build/spin.min4e44.js]
[ottiya.com/wp-content/plugins/jetpack/_inc/build/jquery.spin.min4e44.js]
[ottiya.com/wp-content/plugins/jetpack/modules/carousel/jetpack-carousela4d5.js]
[ottiya.com/wp-content/plugins/slide-anything/owl-carousel/owl.carousel.min77e6.js]
[widget.privy.com/assets/widget5859.js]
[ottiya.com/index.html]
[stats.wp.com/e-201802.js]
[cdn3.bigcommerce.com/r-1af314bf451319ff5308b589dfbfccc9d25282f8/img/bc_favicon.ico]
[cdn3.bigcommerce.com/s-xtimzpzvyv/stencil/a62b8090-a74c-0135-548e-525400970412/e/cd7746c0-b628-0135-7d13-525400dfdca6/css/theme-141766e0-aa79-0135-8bc8-525400dfdca6.css]
[cdn4.bigcommerce.com/r-1af314bf451319ff5308b589dfbfccc9d25282f8/javascript/jirafe/beacon_api.js]
[www.limesecos.com/login.html]
[www.limesecos.com/logind85d.html]
[www.limesecos.com/giftcertificates.html]
[www.limesecos.com/logine568.html]
[cdn3.bigcommerce.com/s-xtimzpzvyv/lib/flags/gb.gif]
[cdn3.bigcommerce.com/s-xtimzpzvyv/lib/flags/in.gif]
[www.limesecos.com/index7d5e.html]
[cdn3.bigcommerce.com/s-xtimzpzvyv/lib/flags/au.gif]
[www.limesecos.com/index66d1.html]
[cdn3.bigcommerce.com/s-xtimzpzvyv/lib/flags/regions/eu.gif]
[cdn3.bigcommerce.com/s-xtimzpzvyv/lib/flags/kr.gif]
[cdn3.bigcommerce.com/s-xtimzpzvyv/lib/flags/us.gif]
[www.limesecos.com/index8d9c.html]
[cdn3.bigcommerce.com/s-xtimzpzvyv/images/stencil/244x75/limese-logo-1_1510061295__11431.original.jpg]
[www.limesecos.com/indexf9fe.html]
[www.limesecos.com/index85eb.html]
[www.limesecos.com/index612c.html]
[cdn3.bigcommerce.com/s-xtimzpzvyv/stencil/a62b8090-a74c-0135-548e-525400970412/e/cd7746c0-b628-0135-7d13-525400dfdca6/img/vendor/jstree/throbber.gif]
[www.limesecos.com/login8311.html]
[www.limesecos.com/login830b.html]
[www.limesecos.com/product_images/uploaded_images/limese-sticky-logo.jpg]
[cdn3.bigcommerce.com/s-xtimzpzvyv/product_images/theme_images/slide128af.jpg]
[cdn3.bigcommerce.com/s-xtimzpzvyv/stencil/a62b8090-a74c-0135-548e-525400970412/e/cd7746c0-b628-0135-7d13-525400dfdca6/img/loading.svg]
[cdn3.bigcommerce.com/s-xtimzpzvyv/images/stencil/224x224/products/125/400/41OfMoQ0C9L__05333.15117566894847.jpg]
[www.limesecos.com/shop-now/index.html]
[www.limesecos.com/help-faqs/index.html]
[www.limesecos.com/trend-now/index.html]
[www.limesecos.com/lookbook/index.html]
[www.limesecos.com/blog/index.html]
[www.limesecos.com/klairs-mochi-bb-cushion-pact/index.html]
[www.limesecos.com/cart36ca.html]
[www.limesecos.com/logina465.html]
[cdn3.bigcommerce.com/s-xtimzpzvyv/images/stencil/224x224/products/124/399/31a3fD-kxbL__40907.15117566234847.jpg]
[www.limesecos.com/klairs-illuminating-supple-blemish-cream/index.html]
[www.limesecos.com/cartad6c.html]
[www.limesecos.com/login6844.html]
[cdn3.bigcommerce.com/s-xtimzpzvyv/images/stencil/224x224/products/123/398/416s3OafoRL__82863.15117565854847.jpg]
[www.limesecos.com/klairs-gentle-black-sugar-facial-polish/index.html]
[www.limesecos.com/carte34f.html]
[www.limesecos.com/loginbea6.html]
[cdn3.bigcommerce.com/s-xtimzpzvyv/images/stencil/224x224/products/122/401/514aBjgSSBL._SX522___03740.15117567884847.jpg]
[www.limesecos.com/klairs-gentle-black-deep-cleansing-oil/index.html]
[www.limesecos.com/cart8bfe.html]
[cdn3.bigcommerce.com/s-xtimzpzvyv/images/stencil/224x224/products/121/396/hypoallergenic-face-wash-klairs__33733.15117563704847.jpg]
[www.limesecos.com/login93ea.html]
[www.limesecos.com/klairs-rich-moist-foaming-cleanser/index.html]
[www.limesecos.com/cart8b63.html]
[www.limesecos.com/login01a5.html]
[cdn3.bigcommerce.com/s-xtimzpzvyv/images/stencil/224x224/products/120/395/klairs-rich-moist-soothing-cream__15074.15117563114847.jpg]
[www.limesecos.com/klairs-rich-moist-soothing-cream/index.html]
[www.limesecos.com/cartf717.html]
[www.limesecos.com/logine983.html]
[cdn3.bigcommerce.com/s-xtimzpzvyv/images/stencil/224x224/products/119/394/31Nw2Uo5rvL__06945.15117561814847.jpg]
[www.limesecos.com/klairs-freshly-juiced-vitamin-drop/index.html]
[www.limesecos.com/carte791.html]
[www.limesecos.com/login410c.html]
[cdn3.bigcommerce.com/s-xtimzpzvyv/images/stencil/224x224/products/118/393/6ba8420acb8dab3cf56d93fc615d8c21__69505.15117560604847.jpg]
[www.limesecos.com/klairs-rich-moist-soothing-mask-10-sheet/index.html]
[www.limesecos.com/cart2dde.html]
[www.limesecos.com/loginffc9.html]
[cdn3.bigcommerce.com/s-xtimzpzvyv/images/stencil/224x224/products/117/392/31y-kPlHm1L__40056.15117559224847.jpg]
[www.limesecos.com/klairs-midnight-blue-calming-cream/index.html]
[www.limesecos.com/cart28f5.html]
[www.limesecos.com/login6559.html]
[cdn3.bigcommerce.com/s-xtimzpzvyv/images/stencil/224x224/products/116/391/41zb4kAwx0L__59625.15117557674847.jpg]
[www.limesecos.com/klairs-rich-moist-soothing-serum/index.html]
[www.limesecos.com/cart3166.html]
[www.limesecos.com/login6046.html]
[cdn3.bigcommerce.com/s-xtimzpzvyv/images/stencil/224x224/products/115/390/61Znl5JRZ0L._SX522___38560.15117555614847.jpg]
[www.limesecos.com/klairs-supple-preparation-facial-toner/index.html]
[www.limesecos.com/cart9165.html]
[www.limesecos.com/login6e09.html]
[cdn3.bigcommerce.com/s-xtimzpzvyv/images/stencil/224x224/products/114/389/limese-face-mask-box-1__69522.15100400054847.jpg]
[www.limesecos.com/limese-face-mask-real-brightening-glow-up/index.html]
[cdn3.bigcommerce.com/s-xtimzpzvyv/images/stencil/224x224/products/114/385/limese-face-mask-box-2__49374.15100399044847.jpg]
[www.limesecos.com/cart73d2.html]
[cdn3.bigcommerce.com/s-xtimzpzvyv/images/stencil/224x224/products/113/376/limese-face-mask-pouch-1__18535.15100397774847.jpg]
[www.limesecos.com/limese-face-mask-real-brightening-glow-up-1pc/index.html]
[cdn3.bigcommerce.com/s-xtimzpzvyv/images/stencil/224x224/products/113/377/limese-face-mask-pouch-2__17943.15100397534847.jpg]
[www.limesecos.com/cartd9ab.html]
[www.limesecos.com/logindb9f.html]
[www.limesecos.com/product_images/uploaded_images/hk.jpg]
[www.limesecos.com/blog/limese-is/index.html]
[www.limesecos.com/blog/welcome-to-limese-cosmetic-/index.html]
[www.limesecos.com/product_images/uploaded_images/ys.jpg]
[www.limesecos.com/product_images/uploaded_images/st.jpg]
[cdn3.bigcommerce.com/s-xtimzpzvyv/stencil/a62b8090-a74c-0135-548e-525400970412/e/cd7746c0-b628-0135-7d13-525400dfdca6/modernizr-custom.js]
[www.limesecos.com/privacy-policy/index.html]
[cdn3.bigcommerce.com/s-xtimzpzvyv/stencil/a62b8090-a74c-0135-548e-525400970412/e/cd7746c0-b628-0135-7d13-525400dfdca6/dist/theme-bundle.main.js]
[www.limesecos.com/shipping-returns/index.html]
[www.limesecos.com/contact-us/index.html]
[www.limesecos.com/terms-conditions/index.html]
[www.limesecos.com/store-locations/index.html]
[www.limesecos.com/logind1fa.html]
[www.limesecos.com/login91d7.html]
[www.limesecos.com/login83b1.html]
[www.limesecos.com/logine921.html]
[www.limesecos.com/login479d.html]
[www.limesecos.com/login5df3.html]
[www.limesecos.com/login1273.html]
[www.limesecos.com/logindda8.html]
[www.limesecos.com/login5946.html]
[www.limesecos.com/login1c39.html]
[www.limesecos.com/login8e0b.html]
[www.limesecos.com/giftcertificatese8f7.html]
[www.limesecos.com/brands/index.html]
[www.limesecos.com/loginb320.html]
[www.limesecos.com/login5485.html]
[www.limesecos.com/login4104.html]
[www.limesecos.com/logina61b.html]
[www.limesecos.com/pages187d.php]
[cdn3.bigcommerce.com/s-xtimzpzvyv/stencil/a62b8090-a74c-0135-548e-525400970412/e/cd7746c0-b628-0135-7d13-525400dfdca6/js/theme/halothemes/haloMegaMenu.js]
[cdn4.bigcommerce.com/r-1af314bf451319ff5308b589dfbfccc9d25282f8/javascript/visitor_stencilc325.js]
[www.limesecos.com/index.html]
[bigcommercesociallogin.devcloudsoftware.com/resource/resourced56b.js]
[www.cheppstory.com/index.html]
[jmade.co/assets/vendor-cd7278400433272c137145b3e293c9d6.css]
[jmade.co/assets/jmade-inc-85323230cd4490f692efa1f35b4448a5.css]
[firebasestorage.googleapis.com/v0/b/j-made.appspot.com/o/Jmade-logo-500e239.png]
[jmade.co/images/favicon.ico]
[jmade.co/index.html]
[jmade.co/assets/jmade-inc-81711e3d1031d3e8b706a8d3ea3b8ca6.js]
[jmade.co/assets/vendor-e2a4958bb78efc820d209f66af844a17.js]
[gmpg.org/xfn/11.html]
[s0.wp.com/index.html]
[secure.gravatar.com/favicon.ico]
[s.gravatar.com/css/style65de.css]
[s.gravatar.com/css/jquery.Jcrop.0.9.1265de.css]
[s.gravatar.com/css/profile65de.css]
[secure.gravatar.com/js/jcarousel/lib/jquery.jcarousel.css]
[secure.gravatar.com/js/jcarousel/skins/tango/skin.css]
[fonts.googleapis.com/css32b6.css]
[s0.wp.com/i/noticons/noticons.css]
[2.gravatar.com/avatar/767fc9c115a1b989744c755db47feb60cf4a.jpeg]
[1.gravatar.com/avatar/767fc9c115a1b989744c755db47feb607c90.jpeg]
[secure.gravatar.com/index.html]
[maxcdn.bootstrapcdn.com/index.html]
[fonts.googleapis.com/index.html]
[s.w.org/index.html]
[fonts.googleapis.com/css83cb.css]
[ottiya.com/wp-json/index.html]
[ottiya.com/index7aeb.html]
[ottiya.com/wp-json/oembed/1.0/embed8bc7.html]
[ottiya.com/wp-json/oembed/1.0/embed8c85.html]
[ottiya.com/index70fc.html]
[i0.wp.com/index.html]
[i1.wp.com/index.html]
[i2.wp.com/index.html]
[ottiya.com/index4b5b.html]
[ottiya.com/wp-content/plugins/woocommerce/assets/css/select2c169.css]
[ottiya.com/my-account/index.html]
[ottiya.com/join-us.html]
[i1.wp.com/ottiya.com/wp-content/uploads/2016/12/What-if-childrens-voices-were-heard-valuedtaken-seriously-11660d.png]
[ottiya.com/cart/index.html]
[i2.wp.com/ottiya.com/wp-content/uploads/2014/06/52ba3.png]
[i1.wp.com/ottiya.com/wp-content/uploads/2014/06/Ottiya_whatwedod7d4.png]
[i2.wp.com/ottiya.com/wp-content/uploads/2014/06/Untitled-design-7fe95.png]
[i2.wp.com/ottiya.com/wp-content/uploads/2014/06/Veronica-Kimfe95.png]
[i0.wp.com/ottiya.com/wp-content/uploads/2014/06/Rufina-Kyung-Eun-Parkfe95.png]
[i2.wp.com/ottiya.com/wp-content/uploads/2014/06/Ray_Profilefe95.png]
[ottiya.com/about-us/index.html]
[i2.wp.com/ottiya.com/wp-content/uploads/2017/03/ottiya-contributors0076827.png]
[i0.wp.com/ottiya.com/wp-content/uploads/2017/03/Ottiya_activitybook-standing_mockup-e1492431930550fe95.png]
[i0.wp.com/ottiya.com/wp-content/uploads/2016/11/ottiya-wallpaper-preview004fe95.png]
[i1.wp.com/ottiya.com/wp-content/uploads/2017/12/print-digital-access33d5.png]
[i2.wp.com/ottiya.com/wp-content/uploads/2017/04/Untitled-design-1333d5.png]
[i2.wp.com/ottiya.com/wp-content/uploads/2017/02/Ottiya_mag-standing_mockupfe95.png]
[ottiya.com/shop/index.html]
[ottiya.com/wp-content/plugins/siteorigin-panels/css/front-flexd315.css]
[ottiya.com/wp-content/uploads/siteorigin-widgets/sow-image-default-813df796d9b15859.css]
[i2.wp.com/ottiya.com/wp-content/uploads/2017/04/output_WWrD9v6f6d.gif]
[i1.wp.com/ottiya.com/wp-content/uploads/2017/07/10051af.png]
[i2.wp.com/ottiya.com/wp-content/uploads/2017/07/SFS_Logo-e14995956344334cff.png]
[i1.wp.com/ottiya.com/wp-content/uploads/2017/07/WTW_Logo-e14995948452134cff.png]
[i0.wp.com/ottiya.com/wp-content/uploads/2017/07/HelloGeeks_Logo-e14995952803524cff.png]
[i2.wp.com/ottiya.com/wp-content/uploads/2017/08/WPGA_logo_transparent427b.png]
[ottiya.com/mag/issue-one.html]
[i1.wp.com/ottiya.com/wp-content/uploads/2017/07/FA_Logo_Sponsor-e14997505496564cff.jpg]
[ottiya.com/ottiya-magazine-vol-1-digital-version/index.html]
[i2.wp.com/res.cloudinary.com/ottiya/image/upload/v1495433494/WTW_Logo_mjeroqd59e.png]
[i0.wp.com/res.cloudinary.com/ottiya/image/upload/v1495433491/HelloGeeks_Logo_zekzqgd59e.png]
[ottiya.com/business-directory/index.html]
[i2.wp.com/res.cloudinary.com/ottiya/image/upload/v1495433491/SFS_Logo_dvqhhwd59e.png]
[ottiya.com/wp-content/plugins/jquery-pin-it-button-for-images/css/client531b.css]
[ottiya.com/wp-content/plugins/jetpack/_inc/social-logos/social-logos.min68b3.css]
[ottiya.com/wp-content/uploads/2017/08/Mathilde001-e1503294439404.jpg]
[ottiya.com/magazine/1/kindness-denmark.html]
[ottiya.com/author/lauramalou/index.html]
[i1.wp.com/ottiya.com/wp-content/uploads/2017/08/Profile_Laura-Malou-Philipsen-e1503294242189465b.jpg]
[ottiya.com/wp-content/uploads/2017/08/Rae001-e1502604761897.jpg]
[i0.wp.com/ottiya.com/wp-content/uploads/2017/08/Rae005-1024x5766827.jpg]
[i0.wp.com/ottiya.com/wp-content/uploads/2017/08/Profile_Rae-Cao-e1502604909173465b.jpg]
[ottiya.com/magazine/1/sesame-street-china.html]
[ottiya.com/author/raecao/index.html]
[secure.gravatar.com/avatar/d7981d3ab194881752d063a8fa74f2df3190.png]
[ottiya.com/wp-content/uploads/2017/08/Hanna007.jpg]
[ottiya.com/magazine/1/diversity-japan.html]
[ottiya.com/author/hao059/index.html]
[i2.wp.com/ottiya.com/wp-content/uploads/2017/06/Profile_Hanna-e1502603859147465b.jpg]
[ottiya.com/wp-content/uploads/2017/07/1.jpg]
[ottiya.com/magazine/1/letter-from-the-editor/index.html]
[res.cloudinary.com/ottiya/image/upload/v1492413549/What_if_children_s_voices_were_heard_valuedtaken_seriously_6_uu7wlz.png]
[ottiya.com/author/rufinapark/index.html]
[ottiya.com/wp-content/uploads/2017/03/ottiya-contributors007.png]
[ottiya.com/wp-content/uploads/2016/12/IMG_1899-e1496917980805.jpg]
[i0.wp.com/ottiya.com/wp-content/uploads/2016/11/cropped-ottiya_03465b.jpg]
[ottiya.com/wp-content/plugins/types/vendor/toolset/toolset-common/res/lib/font-awesome/css/font-awesome.min1849.css]
[ottiya.com/wp-content/plugins/shortcodes-ultimate/assets/css/content-shortcodes972f.css]
[ottiya.com/wp-content/plugins/shortcodes-ultimate/assets/css/media-shortcodes972f.css]
[ottiya.com/contributors/nadia-youth-reporter-of-the-capital-of-children/index.html]
[ottiya.com/wp-content/plugins/shortcodes-ultimate/assets/css/box-shortcodes972f.css]
[ottiya.com/contributors/issue-one-james/index.html]
[ottiya.com/wp-content/uploads/2017/06/Profile_Contributors.png]
[ottiya.com/contributors/issue-one-stephen-sun/index.html]
[ottiya.com/wp-content/uploads/2017/03/Profile_Stephen-e1497504336856.jpg]
[ottiya.com/wp-content/uploads/2017/07/mijeong_profile.png]
[pbs.twimg.com/profile_images/777704756986859520/5hZhq9Je_400x400.jpg]
[ottiya.com/contributors/issue-one-mijeong-takahashi.html]
[ottiya.com/contributors/issue-one-jero-and-bego.html]
[ottiya.com/wp-content/uploads/2017/02/Jero-Bego_Final-e1496917840286.png]
[ottiya.com/wp-content/uploads/2017/01/Profile_Laura_Tsang-1-e1496918116587.jpg]
[ottiya.com/contributors/issue-one-laura-tsang.html]
[i2.wp.com/ottiya.com/wp-content/uploads/2017/01/Laura_Webc27b.jpg]
[ottiya.com/wp-content/uploads/2017/08/teacher-e1503296442916.png]
[i0.wp.com/ottiya.com/wp-content/uploads/2017/08/family-300x22594e3.png]
[i1.wp.com/ottiya.com/wp-content/uploads/2017/08/teacher-e1503296442916c091.png]
[i1.wp.com/ottiya.com/wp-content/uploads/2017/08/man-300x226a642.png]
[ottiya.com/wp-content/uploads/2017/08/reflection001-1.png]
[ottiya.com/wp-content/uploads/2017/07/Mother_Daughter_art.jpg]
[ottiya.com/blog.html]
[ottiya.com/wp-content/uploads/2017/04/output_WWrD9v.gif]
[ottiya.com/advertising/index.html]
[ottiya.com/submissions.html]
[i2.wp.com/ottiya.com/wp-content/uploads/2017/04/Play_Static6827.jpg]
[ottiya.com/contact/index.html]
[ottiya.com/indexc766.html]
[www.limesecos.com/login.html]
[www.limesecos.com/logind85d.html]
[www.limesecos.com/giftcertificates.html]
[www.limesecos.com/logine568.html]
[www.limesecos.com/index7d5e.html]
[www.limesecos.com/index66d1.html]
[www.limesecos.com/indexf9fe.html]
[www.limesecos.com/index8d9c.html]
[www.limesecos.com/index85eb.html]
[www.limesecos.com/index612c.html]
[www.limesecos.com/login8311.html]
[www.limesecos.com/login830b.html]
[www.limesecos.com/product_images/uploaded_images/custom-cms-banner.jpg]
[www.limesecos.com/shop-now/index.html]
[cdn3.bigcommerce.com/s-xtimzpzvyv/images/stencil/1280x1280/a/category-banner-1__65699.original.jpg]
[www.limesecos.com/about-limese/index.html]
[cdn3.bigcommerce.com/s-xtimzpzvyv/images/stencil/956x520/uploaded_images/blog-img01079a.jpg]
[cdn3.bigcommerce.com/s-xtimzpzvyv/images/stencil/956x520/uploaded_images/blog-img0251b6.jpg]
[www.limesecos.com/blog/index.html]
[cdn3.bigcommerce.com/s-xtimzpzvyv/images/stencil/90x90/products/125/400/41OfMoQ0C9L__05333.15117566894847.jpg]
[www.limesecos.com/product_images/uploaded_images/look-img01.jpg]
[www.limesecos.com/product_images/uploaded_images/look-img02.jpg]
[www.limesecos.com/product_images/uploaded_images/look-img03.jpg]
[www.limesecos.com/lookbook/index.html]
[www.limesecos.com/help-faqs/index.html]
[www.limesecos.com/trend-now/index.html]
[www.limesecos.com/product_images/uploaded_images/look-img04.jpg]
[www.limesecos.com/klairs-mochi-bb-cushion-pact/index.html]
[cdn3.bigcommerce.com/s-xtimzpzvyv/images/stencil/500x500/products/125/400/41OfMoQ0C9L__05333.15117566894847.jpg]
[www.limesecos.com/cart36ca.html]
[www.limesecos.com/logina465.html]
[cdn3.bigcommerce.com/s-xtimzpzvyv/images/stencil/120x120/products/125/400/41OfMoQ0C9L__05333.15117566894847.jpg]
[cdn3.bigcommerce.com/s-xtimzpzvyv/images/stencil/500x500/products/124/399/31a3fD-kxbL__40907.15117566234847.jpg]
[www.limesecos.com/klairs-illuminating-supple-blemish-cream/index.html]
[cdn3.bigcommerce.com/s-xtimzpzvyv/images/stencil/90x90/products/124/399/31a3fD-kxbL__40907.15117566234847.jpg]
[www.limesecos.com/cartad6c.html]
[www.limesecos.com/login6844.html]
[cdn3.bigcommerce.com/s-xtimzpzvyv/images/stencil/120x120/products/124/399/31a3fD-kxbL__40907.15117566234847.jpg]
[cdn3.bigcommerce.com/s-xtimzpzvyv/images/stencil/500x500/products/123/398/416s3OafoRL__82863.15117565854847.jpg]
[www.limesecos.com/klairs-gentle-black-sugar-facial-polish/index.html]
[cdn3.bigcommerce.com/s-xtimzpzvyv/images/stencil/90x90/products/123/398/416s3OafoRL__82863.15117565854847.jpg]
[www.limesecos.com/carte34f.html]
[www.limesecos.com/loginbea6.html]
[cdn3.bigcommerce.com/s-xtimzpzvyv/images/stencil/120x120/products/123/398/416s3OafoRL__82863.15117565854847.jpg]
[cdn3.bigcommerce.com/s-xtimzpzvyv/images/stencil/500x500/products/122/401/514aBjgSSBL._SX522___03740.15117567884847.jpg]
[www.limesecos.com/klairs-gentle-black-deep-cleansing-oil/index.html]
[cdn3.bigcommerce.com/s-xtimzpzvyv/images/stencil/90x90/products/122/401/514aBjgSSBL._SX522___03740.15117567884847.jpg]
[www.limesecos.com/cart8bfe.html]
[www.limesecos.com/login93ea.html]
[cdn3.bigcommerce.com/s-xtimzpzvyv/images/stencil/120x120/products/122/401/514aBjgSSBL._SX522___03740.15117567884847.jpg]
[cdn3.bigcommerce.com/s-xtimzpzvyv/images/stencil/500x500/products/121/396/hypoallergenic-face-wash-klairs__33733.15117563704847.jpg]
[www.limesecos.com/klairs-rich-moist-foaming-cleanser/index.html]
[cdn3.bigcommerce.com/s-xtimzpzvyv/images/stencil/90x90/products/121/396/hypoallergenic-face-wash-klairs__33733.15117563704847.jpg]
[www.limesecos.com/cart8b63.html]
[www.limesecos.com/login01a5.html]
[cdn3.bigcommerce.com/s-xtimzpzvyv/images/stencil/120x120/products/121/396/hypoallergenic-face-wash-klairs__33733.15117563704847.jpg]
[cdn3.bigcommerce.com/s-xtimzpzvyv/images/stencil/500x500/products/120/395/klairs-rich-moist-soothing-cream__15074.15117563114847.jpg]
[www.limesecos.com/klairs-rich-moist-soothing-cream/index.html]
[cdn3.bigcommerce.com/s-xtimzpzvyv/images/stencil/90x90/products/120/395/klairs-rich-moist-soothing-cream__15074.15117563114847.jpg]
[www.limesecos.com/cartf717.html]
[www.limesecos.com/logine983.html]
[cdn3.bigcommerce.com/s-xtimzpzvyv/images/stencil/120x120/products/120/395/klairs-rich-moist-soothing-cream__15074.15117563114847.jpg]
[cdn3.bigcommerce.com/s-xtimzpzvyv/images/stencil/500x500/products/119/394/31Nw2Uo5rvL__06945.15117561814847.jpg]
[www.limesecos.com/klairs-freshly-juiced-vitamin-drop/index.html]
[cdn3.bigcommerce.com/s-xtimzpzvyv/images/stencil/90x90/products/119/394/31Nw2Uo5rvL__06945.15117561814847.jpg]
[www.limesecos.com/carte791.html]
[www.limesecos.com/login410c.html]
[cdn3.bigcommerce.com/s-xtimzpzvyv/images/stencil/120x120/products/119/394/31Nw2Uo5rvL__06945.15117561814847.jpg]
[cdn3.bigcommerce.com/s-xtimzpzvyv/images/stencil/500x500/products/118/393/6ba8420acb8dab3cf56d93fc615d8c21__69505.15117560604847.jpg]
[www.limesecos.com/klairs-rich-moist-soothing-mask-10-sheet/index.html]
[cdn3.bigcommerce.com/s-xtimzpzvyv/images/stencil/90x90/products/118/393/6ba8420acb8dab3cf56d93fc615d8c21__69505.15117560604847.jpg]
[www.limesecos.com/cart2dde.html]
[www.limesecos.com/loginffc9.html]
[cdn3.bigcommerce.com/s-xtimzpzvyv/images/stencil/120x120/products/118/393/6ba8420acb8dab3cf56d93fc615d8c21__69505.15117560604847.jpg]
[cdn3.bigcommerce.com/s-xtimzpzvyv/images/stencil/500x500/products/117/392/31y-kPlHm1L__40056.15117559224847.jpg]
[www.limesecos.com/klairs-midnight-blue-calming-cream/index.html]
[cdn3.bigcommerce.com/s-xtimzpzvyv/images/stencil/90x90/products/117/392/31y-kPlHm1L__40056.15117559224847.jpg]
[www.limesecos.com/cart28f5.html]
[www.limesecos.com/login6559.html]
[cdn3.bigcommerce.com/s-xtimzpzvyv/images/stencil/120x120/products/117/392/31y-kPlHm1L__40056.15117559224847.jpg]
[cdn3.bigcommerce.com/s-xtimzpzvyv/images/stencil/500x500/products/116/391/41zb4kAwx0L__59625.15117557674847.jpg]
[www.limesecos.com/klairs-rich-moist-soothing-serum/index.html]
[cdn3.bigcommerce.com/s-xtimzpzvyv/images/stencil/90x90/products/116/391/41zb4kAwx0L__59625.15117557674847.jpg]
[www.limesecos.com/cart3166.html]
[www.limesecos.com/login6046.html]
[cdn3.bigcommerce.com/s-xtimzpzvyv/images/stencil/120x120/products/116/391/41zb4kAwx0L__59625.15117557674847.jpg]
[cdn3.bigcommerce.com/s-xtimzpzvyv/images/stencil/500x500/products/115/390/61Znl5JRZ0L._SX522___38560.15117555614847.jpg]
[www.limesecos.com/klairs-supple-preparation-facial-toner/index.html]
[cdn3.bigcommerce.com/s-xtimzpzvyv/images/stencil/90x90/products/115/390/61Znl5JRZ0L._SX522___38560.15117555614847.jpg]
[www.limesecos.com/cart9165.html]
[www.limesecos.com/login6e09.html]
[cdn3.bigcommerce.com/s-xtimzpzvyv/images/stencil/120x120/products/115/390/61Znl5JRZ0L._SX522___38560.15117555614847.jpg]
[cdn3.bigcommerce.com/s-xtimzpzvyv/images/stencil/500x500/products/114/389/limese-face-mask-box-1__69522.15100399064847.jpg]
[cdn3.bigcommerce.com/s-xtimzpzvyv/images/stencil/90x90/products/114/389/limese-face-mask-box-1__69522.15100399064847.jpg]
[cdn3.bigcommerce.com/s-xtimzpzvyv/images/stencil/90x90/products/114/385/limese-face-mask-box-2__49374.15100399044847.jpg]
[cdn3.bigcommerce.com/s-xtimzpzvyv/images/stencil/90x90/products/114/387/limese-face-mask-box-3__30156.15100399064847.jpg]
[cdn3.bigcommerce.com/s-xtimzpzvyv/images/stencil/90x90/products/114/388/limese-face-mask-box-4__74686.15100399064847.jpg]
[cdn3.bigcommerce.com/s-xtimzpzvyv/images/stencil/90x90/products/114/386/limese-face-mask-box-5__64439.15100399064847.jpg]
[i.ytimg.com/vi/za3Z2lqd2N4/default.jpg]
[www.limesecos.com/limese-face-mask-real-brightening-glow-up/index.html]
[www.limesecos.com/product_images/uploaded_images/description-image-1.jpg]
[www.limesecos.com/cart73d2.html]
[cdn3.bigcommerce.com/s-xtimzpzvyv/images/stencil/120x120/products/114/389/limese-face-mask-box-1__69522.15100399064847.jpg]
[cdn3.bigcommerce.com/s-xtimzpzvyv/images/stencil/500x500/products/113/376/limese-face-mask-pouch-1__18535.15100397384847.jpg]
[cdn3.bigcommerce.com/s-xtimzpzvyv/images/stencil/90x90/products/113/376/limese-face-mask-pouch-1__18535.15100397384847.jpg]
[cdn3.bigcommerce.com/s-xtimzpzvyv/images/stencil/90x90/products/113/377/limese-face-mask-pouch-2__17943.15100397534847.jpg]
[cdn3.bigcommerce.com/s-xtimzpzvyv/images/stencil/90x90/products/113/378/limese-face-mask-pouch-3__53112.15100397584847.jpg]
[www.limesecos.com/limese-face-mask-real-brightening-glow-up-1pc/index.html]
[www.limesecos.com/cartd9ab.html]
[www.limesecos.com/logindb9f.html]
[cdn3.bigcommerce.com/s-xtimzpzvyv/images/stencil/120x120/products/113/376/limese-face-mask-pouch-1__18535.15100397384847.jpg]
[www.limesecos.com/blog/limese-is/index.html]
[www.limesecos.com/blog/welcome-to-limese-cosmetic-/index.html]
[www.limesecos.com/privacy-policy/index.html]
[www.limesecos.com/terms-conditions/index.html]
[www.limesecos.com/contact-us/index.html]
[www.limesecos.com/shipping-returns/index.html]
[www.limesecos.com/store-locations/index.html]
[www.limesecos.com/logind1fa.html]
[www.limesecos.com/login91d7.html]
[www.limesecos.com/login83b1.html]
[www.limesecos.com/logine921.html]
[www.limesecos.com/login479d.html]
[www.limesecos.com/login5df3.html]
[www.limesecos.com/login1273.html]
[www.limesecos.com/logindda8.html]
[www.limesecos.com/login5946.html]
[www.limesecos.com/login1c39.html]
[www.limesecos.com/login8e0b.html]
[limesecos.disqus.com/embed.js]
[www.limesecos.com/brands/index.html]
[www.limesecos.com/giftcertificatese8f7.html]
[www.limesecos.com/loginb320.html]
[www.limesecos.com/login5485.html]
[www.limesecos.com/login4104.html]
[www.limesecos.com/logina61b.html]
[www.limesecos.com/pages187d.html]
[gmpg.org/xfn/.html]
[gmpg.org/xfn/intro.html]
[gmpg.org/xfn/faq.html]
[cdn3.bigcommerce.com/s-xtimzpzvyv/stencil/a62b8090-a74c-0135-548e-525400970412/e/cd7746c0-b628-0135-7d13-525400dfdca6/img/BrandDefault.gif]
[blog.gravatar.com/feed/index.html]
[fonts.googleapis.com/css32b6.css]
[ottiya.com/wp-json/oembed/1.0/embedb897.html]
[ottiya.com/wp-json/oembed/1.0/embed8195.html]
[ottiya.com/wp-json/oembed/1.0/embed3d09.html]
[ottiya.com/wp-json/oembed/1.0/embedb96d.html]
[www.paypalobjects.com/index.html]
[ottiya.com/wp-json/oembed/1.0/embed147b.html]
[ottiya.com/wp-json/oembed/1.0/embed3978.html]
[ottiya.com/wp-json/oembed/1.0/embed3ced.html]
[ottiya.com/wp-json/oembed/1.0/embed8ea8.html]
[ottiya.com/wp-json/oembed/1.0/embedba20.html]
[ottiya.com/wp-json/oembed/1.0/embedf7a1.html]
[ottiya.com/wp-content/plugins/woocommerce/assets/css/photoswipe/photoswipec169.css]
[ottiya.com/wp-content/plugins/woocommerce/assets/css/photoswipe/default-skin/default-skinc169.css]
[i2.wp.com/ottiya.com/wp-content/uploads/2017/02/Ottiya_mag-standing_mockupc3e6.png]
[i0.wp.com/ottiya.com/wp-content/uploads/2017/02/ottiya_mag_inside003_revisedc3e6.png]
[i0.wp.com/ottiya.com/wp-content/uploads/2017/02/ottiya_mag_inside001c3e6.png]
[ottiya.com/product/ottiyamagcom_print]
[ottiya.com/wp-json/oembed/1.0/embed0492.html]
[ottiya.com/wp-json/oembed/1.0/embed8239.html]
[ottiya.com/wp-json/oembed/1.0/embed198e.html]
[ottiya.com/wp-json/oembed/1.0/embedfb20.html]
[ottiya.com/shop]
[ottiya.com/wp-json/oembed/1.0/embed67e9.html]
[ottiya.com/wp-json/oembed/1.0/embedf0c2.html]
[ottiya.com/wp-json/oembed/1.0/embed96dc.html]
[ottiya.com/wp-json/oembed/1.0/embed4597.html]
[i1.wp.com/ottiya.com/wp-content/uploads/2017/02/4c3e6.png]
[ottiya.com/wp-json/oembed/1.0/embed5601.html]
[ottiya.com/wp-json/oembed/1.0/embed2b98.html]
[ottiya.com/wp-json/oembed/1.0/embedd3e7.html]
[ottiya.com/wp-json/oembed/1.0/embed9473.html]
[ottiya.com/wp-json/oembed/1.0/embed55e2.html]
[ottiya.com/wp-json/oembed/1.0/embed13b7.html]
[ottiya.com/wp-json/oembed/1.0/embeda7b7.html]
[ottiya.com/wp-json/oembed/1.0/embed983d.html]
[ottiya.com/wp-json/oembed/1.0/embed224f.html]
[ottiya.com/wp-json/oembed/1.0/embed11d2.html]
[ottiya.com/wp-json/oembed/1.0/embed1761.html]
[ottiya.com/wp-json/oembed/1.0/embed14b8.html]
[ottiya.com/wp-json/oembed/1.0/embeda232.html]
[ottiya.com/wp-json/oembed/1.0/embed5b10.html]
[ottiya.com/wp-json/oembed/1.0/embed2d3f.html]
[ottiya.com/wp-json/oembed/1.0/embedb4bd.html]
[ottiya.com/__]
[ottiya.com/blog/page/2/index.html]
[ottiya.com/wp-json/oembed/1.0/embed30eb.html]
[ottiya.com/wp-json/oembed/1.0/embed7945.html]
[ottiya.com/wp-json/oembed/1.0/embed7265.html]
[ottiya.com/wp-json/oembed/1.0/embed21b3.html]
[ottiya.com/wp-json/oembed/1.0/embedcd72.html]
[ottiya.com/wp-json/oembed/1.0/embed18e8.html]
[www.limesecos.com/about-limese/index.html]
[www.limesecos.com/wishlist63da.php]
[ottiya.com/wp-json/oembed/1.0/embed5ea9.html]
[ottiya.com/wp-json/oembed/1.0/embeded6d.html]
[www.limesecos.com/product_images/uploaded_images/blog-image-1.jpg]
[ottiya.com/wp-includes/js/jcrop/jquery.Jcrop.mina650.css]
[ottiya.com/wp-content/plugins/buddypress/bp-core/css/avatar.minab7d.css]
[ottiya.com/wp-content/plugins/buddypress/bp-templates/bp-legacy/css/buddypress.minab7d.css]
[ottiya.com/wp-content/plugins/contact-form-7/includes/css/styles20fd.css]
[ottiya.com/wp-content/plugins/pmpro-woocommerce/css/style5859.css]
[ottiya.com/wp-content/plugins/buddypress-user-blog/bower_components/medium-editor/dist/css/medium-editor.min71c0.css]
[ottiya.com/wp-content/plugins/buddypress/bp-core/js/jquery-query.minab7d.js]
[ottiya.com/wp-content/plugins/buddypress-user-blog/bower_components/medium-editor/dist/css/themes/default.min71c0.css]
[ottiya.com/wp-content/plugins/buddypress-user-blog/bower_components/medium-editor-insert-plugin/dist/css/medium-editor-insert-plugin.min8a54.css]
[i1.wp.com/ottiya.com/wp-content/uploads/2016/09/cropped-ottiya05e43b.png]
[ottiya.com/wp-content/plugins/buddypress-user-blog/bower_components/medium-editor-tables/css/medium-editor-tables.min8a54.css]
[i1.wp.com/ottiya.com/wp-content/uploads/2016/09/cropped-ottiya0598d8.png]
[ottiya.com/wp-content/plugins/buddypress-user-blog/assets/css/bp-user-blog.mine7f0.css]
[ottiya.com/wp-content/plugins/woocommerce-gateway-paypal-express-checkout/assets/css/wc-gateway-ppec-frontend-cart5859.css]
[i1.wp.com/ottiya.com/wp-content/uploads/2016/09/cropped-ottiya05f9b5.png]
[ottiya.com/wp-content/themes/weta/style5859.css]
[i2.wp.com/ottiya.com/wp-content/uploads/2017/08/Mathilde001-e1503294439404882f.jpg]
[ottiya.com/wp-content/themes/weta-child/custom205859.css]
[i0.wp.com/ottiya.com/wp-content/uploads/2017/08/Rae001-e1502604761897882f.jpg]
[ottiya.com/wp-content/themes/weta-child/style4834.css]
[i1.wp.com/ottiya.com/wp-content/uploads/2017/07/1882f.jpg]
[i0.wp.com/ottiya.com/wp-content/uploads/2017/08/Hanna007882f.jpg]
[ottiya.com/wp-content/themes/weta/js/flex-slider/flexslider5859.css]
[ottiya.com/wp-content/plugins/jetpack/_inc/genericons/genericons/genericons128b.css]
[i1.wp.com/ottiya.com/wp-content/uploads/2016/12/IMG_1899-e1496917980805b1b8.jpg]
[i2.wp.com/ottiya.com/wp-content/uploads/2017/06/Profile_Contributorsc27b.png]
[ottiya.com/wp-content/plugins/buddypress-global-search/assets/css/jquery-ui.min4a80.css]
[ottiya.com/wp-content/plugins/buddypress-global-search/assets/css/buddypress-global-search.minda20.css]
[i0.wp.com/ottiya.com/wp-content/uploads/2017/03/Profile_Stephen-e1497504336856c27b.jpg]
[i1.wp.com/ottiya.com/wp-content/uploads/2017/07/mijeong_profile3e0b.png]
[ottiya.com/wp-content/plugins/jetpack/css/jetpackd96d.css]
[ottiya.com/wp-content/plugins/profile-builder/assets/css/style-front-endeed8.css]
[i2.wp.com/ottiya.com/wp-content/uploads/2017/02/Jero-Bego_Final-e1496917840286c27b.png]
[i2.wp.com/ottiya.com/wp-content/uploads/2017/01/Profile_Laura_Tsang-1-e1496918116587c27b.jpg]
[ottiya.com/wp-json/index.html]
[ottiya.com/index70fc.html]
[ottiya.com/index4b5b.html]
[res.cloudinary.com/ottiya/image/upload/c_scale,w_190/v1495433494/WTW_Logo_mjeroq.png]
[ottiya.com/about-us/index.html]
[res.cloudinary.com/ottiya/image/upload/c_scale,h_170/v1495435931/WPGA_logo_nxvrk5.png]
[ottiya.com/author/lauramalou/index.html]
[ottiya.com/author/raecao/index.html]
[res.cloudinary.com/ottiya/image/upload/c_scale,w_190/v1495433491/SFS_Logo_dvqhhw.png]
[i0.wp.com/res.cloudinary.com/ottiya/image/upload/c_scale,h_70/v1492496996/ottiya02_w3bscg996c.png]
[res.cloudinary.com/ottiya/image/upload/v1492496736/New_gnyho4.png]
[res.cloudinary.com/ottiya/image/upload/c_scale,w_190/v1495433491/HelloGeeks_Logo_zekzqg.png]
[ottiya.com/author/hao059/index.html]
[ottiya.com/author/rufinapark/index.html]
[res.cloudinary.com/ottiya/image/upload/c_scale,w_200/v1495437918/FA_Logo_Sponsor_t8fnqp.jpg]
[ottiya.com/contributors/issue-one-james/index.html]
[ottiya.com/contributors/issue-one-stephen-sun/index.html]
[ottiya.com/contributors/issue-one-mijeong-takahashi.html]
[ottiya.com/contributors/issue-one-jero-and-bego.html]
[ottiya.com/contributors/issue-one-laura-tsang.html]
[ottiya.com/__]
[ottiya.com/wp-content/uploads/so-css/so-css-weta448f.css]
[ottiya.com/wp-content/plugins/slide-anything/owl-carousel/owl.carousel7d13.css]
[ottiya.com/wp-content/plugins/slide-anything/owl-carousel/sa-owl-themed5f7.css]
[ottiya.com/wp-content/plugins/slide-anything/owl-carousel/animate.mind5f7.css]
[s0.wp.com/wp-content/js/devicepx-jetpack022a.js]
[secure.gravatar.com/js/gprofiles6abb.js]
[stats.wp.com/e-201802.js]
[cdn3.bigcommerce.com/r-1af314bf451319ff5308b589dfbfccc9d25282f8/img/bc_favicon.ico]
[cdn3.bigcommerce.com/s-xtimzpzvyv/stencil/a62b8090-a74c-0135-548e-525400970412/e/cd7746c0-b628-0135-7d13-525400dfdca6/css/theme-141766e0-aa79-0135-8bc8-525400dfdca6.css]
[cdn3.bigcommerce.com/s-xtimzpzvyv/lib/flags/gb.gif]
[cdn3.bigcommerce.com/s-xtimzpzvyv/lib/flags/au.gif]
[www.limesecos.com/login.html]
[cdn3.bigcommerce.com/s-xtimzpzvyv/lib/flags/in.gif]
[www.limesecos.com/index7d5e.html]
[www.limesecos.com/index66d1.html]
[cdn4.bigcommerce.com/r-1af314bf451319ff5308b589dfbfccc9d25282f8/javascript/jirafe/beacon_api.js]
[www.limesecos.com/indexf9fe.html]
[www.limesecos.com/index8d9c.html]
[www.limesecos.com/index612c.html]
[www.limesecos.com/login8311.html]
[www.limesecos.com/shop-now/index.html]
[cdn3.bigcommerce.com/s-xtimzpzvyv/lib/flags/regions/eu.gif]
[cdn3.bigcommerce.com/s-xtimzpzvyv/stencil/a62b8090-a74c-0135-548e-525400970412/e/cd7746c0-b628-0135-7d13-525400dfdca6/img/loading.svg]
[cdn3.bigcommerce.com/s-xtimzpzvyv/lib/flags/kr.gif]
[www.limesecos.com/cart36ca.html]
[www.limesecos.com/cartad6c.html]
[www.limesecos.com/carte34f.html]
[cdn3.bigcommerce.com/s-xtimzpzvyv/lib/flags/us.gif]
[www.limesecos.com/cart8bfe.html]
[cdn3.bigcommerce.com/s-xtimzpzvyv/images/stencil/224x224/products/125/400/41OfMoQ0C9L__05333.15117566894847.jpg]
[www.limesecos.com/cart8b63.html]
[www.limesecos.com/cartf717.html]
[www.limesecos.com/carte791.html]
[www.limesecos.com/cart2dde.html]
[cdn3.bigcommerce.com/s-xtimzpzvyv/images/stencil/224x224/products/124/399/31a3fD-kxbL__40907.15117566234847.jpg]
[www.limesecos.com/cart28f5.html]
[www.limesecos.com/cart3166.html]
[cdn3.bigcommerce.com/s-xtimzpzvyv/images/stencil/224x224/products/122/401/514aBjgSSBL._SX522___03740.15117567884847.jpg]
[cdn3.bigcommerce.com/s-xtimzpzvyv/images/stencil/224x224/products/114/389/limese-face-mask-box-1__69522.15100400054847.jpg]
[www.limesecos.com/cart9165.html]
[cdn3.bigcommerce.com/s-xtimzpzvyv/images/stencil/224x224/products/113/376/limese-face-mask-pouch-1__18535.15100397774847.jpg]
[cdn3.bigcommerce.com/s-xtimzpzvyv/images/stencil/224x224/products/113/377/limese-face-mask-pouch-2__17943.15100397534847.jpg]
[www.limesecos.com/cart73d2.html]
[www.limesecos.com/cartd9ab.html]
[www.limesecos.com/product_images/uploaded_images/hk.jpg]
[www.limesecos.com/privacy-policy/index.html]
[cdn3.bigcommerce.com/s-xtimzpzvyv/images/stencil/224x224/products/120/395/klairs-rich-moist-soothing-cream__15074.15117563114847.jpg]
[www.limesecos.com/logind1fa.html]
[bigcommercesociallogin.devcloudsoftware.com/resource/resourced56b.js]
[cdn3.bigcommerce.com/s-xtimzpzvyv/images/stencil/224x224/products/116/391/41zb4kAwx0L__59625.15117557674847.jpg]
[jmade.co/assets/vendor-cd7278400433272c137145b3e293c9d6.css]
[cdn3.bigcommerce.com/s-xtimzpzvyv/stencil/a62b8090-a74c-0135-548e-525400970412/e/cd7746c0-b628-0135-7d13-525400dfdca6/modernizr-custom.js]
[jmade.co/assets/jmade-inc-85323230cd4490f692efa1f35b4448a5.css]
[secure.gravatar.com/favicon.ico]
[gmpg.org/xfn/default.css]
[2.gravatar.com/avatar/767fc9c115a1b989744c755db47feb60cf4a.jpeg]
[s.gravatar.com/css/style65de.css]
[1.gravatar.com/avatar/767fc9c115a1b989744c755db47feb607c90.jpeg]
[s.gravatar.com/css/profile65de.css]
[i1.wp.com/ottiya.com/wp-content/uploads/2016/12/What-if-childrens-voices-were-heard-valuedtaken-seriously-11660d.png]
[s.gravatar.com/css/jquery.Jcrop.0.9.1265de.css]
[i2.wp.com/ottiya.com/wp-content/uploads/2014/06/52ba3.png]
[secure.gravatar.com/js/jcarousel/lib/jquery.jcarousel.css]
[i1.wp.com/ottiya.com/wp-content/uploads/2014/06/Ottiya_whatwedod7d4.png]
[secure.gravatar.com/js/jcarousel/skins/tango/skin.css]
[blog.gravatar.com/feed/index.html]
[i2.wp.com/ottiya.com/wp-content/uploads/2014/06/Untitled-design-7fe95.png]
[s0.wp.com/i/noticons/noticons.css]
[i2.wp.com/ottiya.com/wp-content/uploads/2014/06/Veronica-Kimfe95.png]
[ottiya.com/wp-content/plugins/woocommerce/assets/css/select2c169.css]
[i2.wp.com/ottiya.com/wp-content/uploads/2017/04/output_WWrD9v6f6d.gif]
[ottiya.com/wp-content/plugins/siteorigin-panels/css/front-flexd315.css]
[i1.wp.com/ottiya.com/wp-content/uploads/2017/07/10051af.png]
[ottiya.com/wp-content/uploads/siteorigin-widgets/sow-image-default-813df796d9b15859.css]
[cdn4.bigcommerce.com/r-1af314bf451319ff5308b589dfbfccc9d25282f8/javascript/visitor_stencilc325.js]
[i2.wp.com/res.cloudinary.com/ottiya/image/upload/v1495433494/WTW_Logo_mjeroqd59e.png]
[i0.wp.com/res.cloudinary.com/ottiya/image/upload/v1495433491/HelloGeeks_Logo_zekzqgd59e.png]
[i2.wp.com/res.cloudinary.com/ottiya/image/upload/v1495433491/SFS_Logo_dvqhhwd59e.png]
[i1.wp.com/ottiya.com/wp-content/uploads/2017/08/Profile_Laura-Malou-Philipsen-e1503294242189465b.jpg]
[ottiya.com/wp-content/plugins/jquery-pin-it-button-for-images/css/client531b.css]
[ottiya.com/wp-content/plugins/jetpack/_inc/social-logos/social-logos.min68b3.css]
[i0.wp.com/ottiya.com/wp-content/uploads/2017/08/Rae005-1024x5766827.jpg]
[secure.gravatar.com/avatar/d7981d3ab194881752d063a8fa74f2df3190.png]
[i2.wp.com/ottiya.com/wp-content/uploads/2017/06/Profile_Hanna-e1502603859147465b.jpg]
[ottiya.com/wp-json/oembed/1.0/embed5601.html]
[res.cloudinary.com/ottiya/image/upload/v1492413549/What_if_children_s_voices_were_heard_valuedtaken_seriously_6_uu7wlz.png]
[ottiya.com/wp-json/oembed/1.0/embedd3e7.html]
[ottiya.com/wp-json/oembed/1.0/embed55e2.html]
[ottiya.com/wp-content/plugins/types/vendor/toolset/toolset-common/res/lib/font-awesome/css/font-awesome.min1849.css]
[ottiya.com/wp-content/plugins/shortcodes-ultimate/assets/css/content-shortcodes972f.css]
[ottiya.com/wp-content/plugins/shortcodes-ultimate/assets/css/media-shortcodes972f.css]
[ottiya.com/wp-content/plugins/shortcodes-ultimate/assets/css/box-shortcodes972f.css]
[ottiya.com/wp-json/oembed/1.0/embed224f.html]
[i2.wp.com/ottiya.com/wp-content/uploads/2017/01/Laura_Webc27b.jpg]
[ottiya.com/wp-json/oembed/1.0/embeda232.html]
[i0.wp.com/ottiya.com/wp-content/uploads/2017/08/family-300x22594e3.png]
[ottiya.com/wp-json/oembed/1.0/embed2d3f.html]
[ottiya.com/__]
[i1.wp.com/ottiya.com/wp-content/uploads/2017/08/teacher-e1503296442916c091.png]
[i1.wp.com/ottiya.com/wp-content/uploads/2017/08/man-300x226a642.png]
[ottiya.com/wp-json/oembed/1.0/embedcd72.html]
[cdn3.bigcommerce.com/s-xtimzpzvyv/images/stencil/956x520/uploaded_images/blog-img01079a.jpg]
[cdn3.bigcommerce.com/s-xtimzpzvyv/images/stencil/956x520/uploaded_images/blog-img0251b6.jpg]
[www.limesecos.com/about-limese/index.html]
[cdn3.bigcommerce.com/s-xtimzpzvyv/images/stencil/500x500/products/113/376/limese-face-mask-pouch-1__18535.15100397384847.jpg]
[www.limesecos.com/product_images/uploaded_images/custom-cms-banner.jpg]
[www.limesecos.com/wishlist63da.php]
[i2.wp.com/ottiya.com/wp-content/uploads/2017/02/Ottiya_mag-standing_mockupc3e6.png]
[ottiya.com/wp-content/plugins/woocommerce/assets/css/photoswipe/photoswipec169.css]
[i0.wp.com/ottiya.com/wp-content/uploads/2017/02/ottiya_mag_inside003_revisedc3e6.png]
[ottiya.com/wp-content/plugins/woocommerce/assets/css/photoswipe/default-skin/default-skinc169.css]
[ottiya.com/wp-content/plugins/paid-memberships-pro/css/frontend6256.css]
[ottiya.com/wp-content/plugins/paid-memberships-pro/css/frontend6256.css]
[maxcdn.bootstrapcdn.com/font-awesome/4.7.0/css/font-awesome.min1849.css]
[maxcdn.bootstrapcdn.com/font-awesome/4.7.0/css/font-awesome.min1849.css]
[ottiya.com/wp-content/uploads/2017/06/Read_Ottiya_Issue_One-e1496935309460.png]
[ottiya.com/blog.html]
[ottiya.com/indexc766.html]
[cdn3.bigcommerce.com/s-xtimzpzvyv/images/stencil/90x90/products/113/376/limese-face-mask-pouch-1__18535.15100397384847.jpg]
[cdn3.bigcommerce.com/s-xtimzpzvyv/images/stencil/90x90/products/113/377/limese-face-mask-pouch-2__17943.15100397534847.jpg]
[cdn3.bigcommerce.com/s-xtimzpzvyv/images/stencil/90x90/products/113/378/limese-face-mask-pouch-3__53112.15100397584847.jpg]
[ottiya.com/wp-content/themes/weta/js/functions4834.js]
[ottiya.com/wp-includes/js/jquery/ui/position.mine899.js]
[ottiya.com/wp-includes/js/jquery/ui/menu.mine899.js]
[ottiya.com/product/ottiyamagcom_print]
[ottiya.com/wp-content/plugins/paid-memberships-pro/css/print6256.css]
[ottiya.com/shop]
[ottiya.com/wp-json/oembed/1.0/embed96dc.html]
[ottiya.com/wp-json/oembed/1.0/embed1761.html]
[ottiya.com/wp-json/oembed/1.0/embed30eb.html]
[ottiya.com/wp-content/plugins/paid-memberships-pro/css/print6256.css]
